C51 COMPILER V9.54   PASSWORD_MATCH                                                        11/12/2015 21:17:18 PAGE 1   


C51 COMPILER V9.54, COMPILATION OF MODULE PASSWORD_MATCH
OBJECT MODULE PLACED IN .\Objects\Password_match.obj
COMPILER INVOKED BY: C:\Keil_v5\C51\BIN\C51.EXE Password_match.c OPTIMIZE(8,SPEED) BROWSE DEBUG OBJECTEXTEND PRINT(.\Lis
                    -tings\Password_match.lst) TABS(2) OBJECT(.\Objects\Password_match.obj)

line level    source

   1          /*****************************************************
   2          * Objective: User input password check on 16x2 LCD
   3          * S/W: Keil uVision 5
   4          * Author: Manoj Hansda
   5          *******************************************************/
   6          
   7          #include <REGX51.H>
   8          
   9          #include "../../functions/keypad.h"          // contains key_detect()
  10          #include "../../functions/lcd.h"             // contains send_cmd(), send_data(), send_msg()
  11          
  12          void key_action(unsigned char key);
  13          void backspace(void);
  14          void check(void);
  15          
  16          unsigned char i=0, *key_pressed, flag=0, match=1, txt[20], pwd[]="manoj";
  17          
  18          void main()
  19          {
  20   1        delay(1275);
  21   1        lcd_init();
  22   1        
  23   1        while(1)
  24   1        {
  25   2          key_pressed=key_detect();
  26   2          if(key_pressed[0]!='\0')
  27   2            if(flag==0)
  28   2              key_action(key_pressed[0]);
  29   2            
  30   2          else
  31   2            flag=0;
  32   2        }
  33   1      }
  34          
  35          
  36          void key_action(unsigned char key)
  37          {
  38   1        if(key==0x0F)
  39   1          backspace();
  40   1        
  41   1        else if(key==0xF0)
  42   1          check();
  43   1      
  44   1        else
  45   1        {
  46   2          txt[i++]=key;
  47   2          send_data(key);
  48   2        }
  49   1        
  50   1        flag=1;   
  51   1      }
  52          
  53          void backspace(void)
  54          {
C51 COMPILER V9.54   PASSWORD_MATCH                                                        11/12/2015 21:17:18 PAGE 2   

  55   1          send_cmd(0x04);
  56   1          send_data(' ');
  57   1      }
  58          
  59          void check(void)
  60          {
  61   1        for(i=0; i<strlen(txt); i++)
  62   1          if(txt[i]!=pwd[i])
  63   1            match=0;
  64   1        
  65   1        if(match==1)
  66   1        {
  67   2          send_cmd(0xC0);
  68   2          send_msg("Access Granted");
  69   2        }
  70   1        
  71   1        else if(match==0)
  72   1        {
  73   2          send_cmd(0xC0);
  74   2          send_msg("Access Denied");
  75   2        }
  76   1      }


MODULE INFORMATION:   STATIC OVERLAYABLE
   CODE SIZE        =    571    ----
   CONSTANT SIZE    =     29    ----
   XDATA SIZE       =   ----    ----
   PDATA SIZE       =   ----    ----
   DATA SIZE        =     32      13
   IDATA SIZE       =   ----    ----
   BIT SIZE         =   ----    ----
END OF MODULE INFORMATION.


C51 COMPILATION COMPLETE.  0 WARNING(S),  0 ERROR(S)
